Archive member included to satisfy reference by file (symbol)

/home/student/eclipse-workspace/Tiva_C_LaunchPad/SW-EK-TM4C123GXL-2.1.4.178/driverlib/gcc/libdriver.a(gpio.o)
                              ./src/main.o (GPIOPinTypeUART)
/home/student/eclipse-workspace/Tiva_C_LaunchPad/SW-EK-TM4C123GXL-2.1.4.178/driverlib/gcc/libdriver.a(interrupt.o)
                              /home/student/eclipse-workspace/Tiva_C_LaunchPad/SW-EK-TM4C123GXL-2.1.4.178/driverlib/gcc/libdriver.a(gpio.o) (IntRegister)
/home/student/eclipse-workspace/Tiva_C_LaunchPad/SW-EK-TM4C123GXL-2.1.4.178/driverlib/gcc/libdriver.a(sysctl.o)
                              ./SW-EK-TM4C123GXL-2.1.4.178/utils/uartstdio.o (SysCtlPeripheralPresent)
/home/student/eclipse-workspace/Tiva_C_LaunchPad/SW-EK-TM4C123GXL-2.1.4.178/driverlib/gcc/libdriver.a(uart.o)
                              ./SW-EK-TM4C123GXL-2.1.4.178/utils/uartstdio.o (UARTEnable)
/home/student/eclipse-workspace/Tiva_C_LaunchPad/SW-EK-TM4C123GXL-2.1.4.178/driverlib/gcc/libdriver.a(cpu.o)
                              /home/student/eclipse-workspace/Tiva_C_LaunchPad/SW-EK-TM4C123GXL-2.1.4.178/driverlib/gcc/libdriver.a(interrupt.o) (CPUcpsid)
/usr/lib/gcc/arm-none-eabi/5.4.1/armv7e-m/fpu/libgcc.a(_arm_addsubdf3.o)
                              ./src/main.o (__aeabi_dsub)
/usr/lib/gcc/arm-none-eabi/5.4.1/armv7e-m/fpu/libgcc.a(_arm_muldivdf3.o)
                              ./src/main.o (__aeabi_dmul)
/usr/lib/gcc/arm-none-eabi/5.4.1/armv7e-m/fpu/libgcc.a(_arm_fixdfsi.o)
                              ./src/main.o (__aeabi_d2iz)
/usr/lib/gcc/arm-none-eabi/5.4.1/../../../arm-none-eabi/lib/armv7e-m/fpu/libg.a(lib_a-atexit.o)
                              /usr/lib/gcc/arm-none-eabi/5.4.1/../../../arm-none-eabi/lib/armv7e-m/fpu/crt0.o (atexit)
/usr/lib/gcc/arm-none-eabi/5.4.1/../../../arm-none-eabi/lib/armv7e-m/fpu/libg.a(lib_a-atoi.o)
                              ./src/main.o (atoi)
/usr/lib/gcc/arm-none-eabi/5.4.1/../../../arm-none-eabi/lib/armv7e-m/fpu/libg.a(lib_a-exit.o)
                              /usr/lib/gcc/arm-none-eabi/5.4.1/../../../arm-none-eabi/lib/armv7e-m/fpu/crt0.o (exit)
/usr/lib/gcc/arm-none-eabi/5.4.1/../../../arm-none-eabi/lib/armv7e-m/fpu/libg.a(lib_a-fini.o)
                              /usr/lib/gcc/arm-none-eabi/5.4.1/../../../arm-none-eabi/lib/armv7e-m/fpu/crt0.o (__libc_fini_array)
/usr/lib/gcc/arm-none-eabi/5.4.1/../../../arm-none-eabi/lib/armv7e-m/fpu/libg.a(lib_a-impure.o)
                              /usr/lib/gcc/arm-none-eabi/5.4.1/../../../arm-none-eabi/lib/armv7e-m/fpu/libg.a(lib_a-exit.o) (_global_impure_ptr)
/usr/lib/gcc/arm-none-eabi/5.4.1/../../../arm-none-eabi/lib/armv7e-m/fpu/libg.a(lib_a-init.o)
                              /usr/lib/gcc/arm-none-eabi/5.4.1/../../../arm-none-eabi/lib/armv7e-m/fpu/crt0.o (__libc_init_array)
/usr/lib/gcc/arm-none-eabi/5.4.1/../../../arm-none-eabi/lib/armv7e-m/fpu/libg.a(lib_a-memset.o)
                              /usr/lib/gcc/arm-none-eabi/5.4.1/../../../arm-none-eabi/lib/armv7e-m/fpu/crt0.o (memset)
/usr/lib/gcc/arm-none-eabi/5.4.1/../../../arm-none-eabi/lib/armv7e-m/fpu/libg.a(lib_a-strcpy.o)
                              ./src/main.o (strcpy)
/usr/lib/gcc/arm-none-eabi/5.4.1/../../../arm-none-eabi/lib/armv7e-m/fpu/libg.a(lib_a-strtok.o)
                              ./src/main.o (strtok)
/usr/lib/gcc/arm-none-eabi/5.4.1/../../../arm-none-eabi/lib/armv7e-m/fpu/libg.a(lib_a-strtok_r.o)
                              /usr/lib/gcc/arm-none-eabi/5.4.1/../../../arm-none-eabi/lib/armv7e-m/fpu/libg.a(lib_a-strtok.o) (__strtok_r)
/usr/lib/gcc/arm-none-eabi/5.4.1/../../../arm-none-eabi/lib/armv7e-m/fpu/libg.a(lib_a-strtol.o)
                              /usr/lib/gcc/arm-none-eabi/5.4.1/../../../arm-none-eabi/lib/armv7e-m/fpu/libg.a(lib_a-atoi.o) (_strtol_r)
/usr/lib/gcc/arm-none-eabi/5.4.1/../../../arm-none-eabi/lib/armv7e-m/fpu/libg.a(lib_a-__atexit.o)
                              /usr/lib/gcc/arm-none-eabi/5.4.1/../../../arm-none-eabi/lib/armv7e-m/fpu/libg.a(lib_a-atexit.o) (__register_exitproc)
/usr/lib/gcc/arm-none-eabi/5.4.1/../../../arm-none-eabi/lib/armv7e-m/fpu/libg.a(lib_a-__call_atexit.o)
                              /usr/lib/gcc/arm-none-eabi/5.4.1/../../../arm-none-eabi/lib/armv7e-m/fpu/libg.a(lib_a-exit.o) (__call_exitprocs)
/usr/lib/gcc/arm-none-eabi/5.4.1/../../../arm-none-eabi/lib/armv7e-m/fpu/libg.a(lib_a-ctype_.o)
                              /usr/lib/gcc/arm-none-eabi/5.4.1/../../../arm-none-eabi/lib/armv7e-m/fpu/libg.a(lib_a-strtol.o) (__ctype_ptr__)

Allocating common symbols
Common symbol       size              file

caybas              0x4               ./src/main.o
geciciptr           0x4               ./src/main.o
birbas              0x4               ./src/main.o
ybesbas             0x4               ./src/main.o
kahvebas            0x4               ./src/main.o
ellibas             0x4               ./src/main.o
bir                 0x4               ./src/main.o
[...]
Memory Configuration

Name             Origin             Length             Attributes
FLASH            0x0000000000000000 0x0000000000040000 xr
SRAM             0x0000000020000000 0x0000000000008000 xrw
*default*        0x0000000000000000 0xffffffffffffffff

Linker script and memory map

LOAD /usr/lib/gcc/arm-none-eabi/5.4.1/armv7e-m/fpu/crti.o
LOAD /usr/lib/gcc/arm-none-eabi/5.4.1/armv7e-m/fpu/crtbegin.o
LOAD /usr/lib/gcc/arm-none-eabi/5.4.1/../../../arm-none-eabi/lib/armv7e-m/fpu/crt0.o
LOAD ./src/main.o
LOAD ./src/startup_gcc.o
LOAD ./SW-EK-TM4C123GXL-2.1.4.178/utils/uartstdio.o
LOAD /home/student/eclipse-workspace/Tiva_C_LaunchPad/SW-EK-TM4C123GXL-2.1.4.178/driverlib/gcc/libdriver.a
START GROUP
LOAD /usr/lib/gcc/arm-none-eabi/5.4.1/armv7e-m/fpu/libgcc.a
LOAD /usr/lib/gcc/arm-none-eabi/5.4.1/../../../arm-none-eabi/lib/armv7e-m/fpu/libg.a
LOAD /usr/lib/gcc/arm-none-eabi/5.4.1/../../../arm-none-eabi/lib/armv7e-m/fpu/libc.a
END GROUP
LOAD /usr/lib/gcc/arm-none-eabi/5.4.1/armv7e-m/fpu/crtend.o
LOAD /usr/lib/gcc/arm-none-eabi/5.4.1/armv7e-m/fpu/crtn.o

.text           0x0000000000000000     0x303c
                0x0000000000000000                _text = .
 *(.isr_vector)
 .isr_vector    0x0000000000000000      0x26c ./src/startup_gcc.o
                0x0000000000000000                g_pfnVectors
 *(.text*)
 .text.init_UARTstdio
                0x000000000000026c       0x50 ./src/main.o
                0x000000000000026c                init_UARTstdio
 .text.yerlestir
                0x00000000000002bc      0x11c ./src/main.o
                0x00000000000002bc                yerlestir
 .text.portlariAktiflestir
                0x00000000000003d8      0x12c ./src/main.o
                0x00000000000003d8                portlariAktiflestir
 .text.komutGonder
                0x0000000000000504       0x90 ./src/main.o
                0x0000000000000504                komutGonder
 .text.veriGonder
                0x0000000000000594       0x84 ./src/main.o
                0x0000000000000594                veriGonder
 .text.ekraniAktiflestir
                0x0000000000000618       0xa4 ./src/main.o
                0x0000000000000618                ekraniAktiflestir
 .text.ekranaYazdir
                0x00000000000006bc       0x4c ./src/main.o
                0x00000000000006bc                ekranaYazdir
 .text.basiliButon
                0x0000000000000708       0xa8 ./src/main.o
                0x0000000000000708                basiliButon
 .text.init_port_E
                0x00000000000007b0       0x80 ./src/main.o
                0x00000000000007b0                init_port_E
 .text.init_portx_F
                0x0000000000000830       0x60 ./src/main.o
                0x0000000000000830                init_portx_F
 .text.main     0x0000000000000890     0x1100 ./src/main.o
                0x0000000000000890                main
 .text.ResetISR
                0x0000000000001990       0x6c ./src/startup_gcc.o
                0x0000000000001990                ResetISR
 .text.NmiSR    0x00000000000019fc        0x8 ./src/startup_gcc.o
 .text.FaultISR
                0x0000000000001a04        0x8 ./src/startup_gcc.o
 .text.IntDefaultHandler
                0x0000000000001a0c        0x8 ./src/startup_gcc.o
 .text.UARTStdioConfig
                0x0000000000001a14       0x70 ./SW-EK-TM4C123GXL-2.1.4.178/utils/uartstdio.o
                0x0000000000001a14                UARTStdioConfig
 .text.UARTwrite
                0x0000000000001a84       0x5c ./SW-EK-TM4C123GXL-2.1.4.178/utils/uartstdio.o
                0x0000000000001a84                UARTwrite
 .text.UARTvprintf
                0x0000000000001ae0      0x400 ./SW-EK-TM4C123GXL-2.1.4.178/utils/uartstdio.o
                0x0000000000001ae0                UARTvprintf
 .text.UARTprintf
                0x0000000000001ee0       0x24 ./SW-EK-TM4C123GXL-2.1.4.178/utils/uartstdio.o
                0x0000000000001ee0                UARTprintf
 .text.GPIODirModeSet
                0x0000000000001f04       0x2e /home/student/eclipse-workspace/Tiva_C_LaunchPad/SW-EK-TM4C123GXL-2.1.4.178/driverlib/gcc/libdriver.a(gpio.o)
                0x0000000000001f04                GPIODirModeSet
 .text.GPIOPadConfigSet
                0x0000000000001f32      0x130 /home/student/eclipse-workspace/Tiva_C_LaunchPad/SW-EK-TM4C123GXL-2.1.4.178/driverlib/gcc/libdriver.a(gpio.o)
                0x0000000000001f32                GPIOPadConfigSet
 .text.GPIOPinTypeUART
                0x0000000000002062       0x1c /home/student/eclipse-workspace/Tiva_C_LaunchPad/SW-EK-TM4C123GXL-2.1.4.178/driverlib/gcc/libdriver.a(gpio.o)
                0x0000000000002062                GPIOPinTypeUART
 *fill*         0x000000000000207e        0x2 
 .text.GPIOPinConfigure
                0x0000000000002080       0x4c /home/student/eclipse-workspace/Tiva_C_LaunchPad/SW-EK-TM4C123GXL-2.1.4.178/driverlib/gcc/libdriver.a(gpio.o)
                0x0000000000002080                GPIOPinConfigure
 .text.SysCtlPeripheralPresent
                0x00000000000020cc       0x26 /home/student/eclipse-workspace/Tiva_C_LaunchPad/SW-EK-TM4C123GXL-2.1.4.178/driverlib/gcc/libdriver.a(sysctl.o)
                0x00000000000020cc                SysCtlPeripheralPresent
 .text.SysCtlPeripheralEnable
                0x00000000000020f2       0x22 /home/student/eclipse-workspace/Tiva_C_LaunchPad/SW-EK-TM4C123GXL-2.1.4.178/driverlib/gcc/libdriver.a(sysctl.o)
                0x00000000000020f2                SysCtlPeripheralEnable
 .text.SysCtlClockGet
                0x0000000000002114      0x12c /home/student/eclipse-workspace/Tiva_C_LaunchPad/SW-EK-TM4C123GXL-2.1.4.178/driverlib/gcc/libdriver.a(sysctl.o)
                0x0000000000002114                SysCtlClockGet
 .text.UARTEnable
                0x0000000000002240       0x16 /home/student/eclipse-workspace/Tiva_C_LaunchPad/SW-EK-TM4C123GXL-2.1.4.178/driverlib/gcc/libdriver.a(uart.o)
                0x0000000000002240                UARTEnable
 .text.UARTDisable
                0x0000000000002256       0x1c /home/student/eclipse-workspace/Tiva_C_LaunchPad/SW-EK-TM4C123GXL-2.1.4.178/driverlib/gcc/libdriver.a(uart.o)
                0x0000000000002256                UARTDisable
 .text.UARTConfigSetExpClk
                0x0000000000002272       0x48 /home/student/eclipse-workspace/Tiva_C_LaunchPad/SW-EK-TM4C123GXL-2.1.4.178/driverlib/gcc/libdriver.a(uart.o)
                0x0000000000002272                UARTConfigSetExpClk
 .text.UARTCharPut
                0x00000000000022ba        0xa /home/student/eclipse-workspace/Tiva_C_LaunchPad/SW-EK-TM4C123GXL-2.1.4.178/driverlib/gcc/libdriver.a(uart.o)
                0x00000000000022ba                UARTCharPut
 .text          0x00000000000022c4      0x370 /usr/lib/gcc/arm-none-eabi/5.4.1/armv7e-m/fpu/libgcc.a(_arm_addsubdf3.o)
                0x00000000000022c4                __aeabi_drsub
                0x00000000000022cc                __aeabi_dsub
                0x00000000000022cc                __subdf3
                0x00000000000022d0                __adddf3
                0x00000000000022d0                __aeabi_dadd
                0x0000000000002548                __aeabi_ui2d
                0x0000000000002548                __floatunsidf
                0x0000000000002568                __floatsidf
                0x0000000000002568                __aeabi_i2d
                0x000000000000258c                __extendsfdf2
                0x000000000000258c                __aeabi_f2d
                0x00000000000025c8                __aeabi_ul2d
                0x00000000000025c8                __floatundidf
                0x00000000000025d8                __floatdidf
                0x00000000000025d8                __aeabi_l2d
 .text          0x0000000000002634      0x424 /usr/lib/gcc/arm-none-eabi/5.4.1/armv7e-m/fpu/libgcc.a(_arm_muldivdf3.o)
                0x0000000000002634                __aeabi_dmul
                0x0000000000002634                __muldf3
                0x0000000000002888                __aeabi_ddiv
                0x0000000000002888                __divdf3
 .text          0x0000000000002a58       0x50 /usr/lib/gcc/arm-none-eabi/5.4.1/armv7e-m/fpu/libgcc.a(_arm_fixdfsi.o)
                0x0000000000002a58                __fixdfsi
                0x0000000000002a58                __aeabi_d2iz
 .text          0x0000000000002aa8       0x10 /usr/lib/gcc/arm-none-eabi/5.4.1/../../../arm-none-eabi/lib/armv7e-m/fpu/libg.a(lib_a-atoi.o)
                0x0000000000002aa8                atoi
                0x0000000000002ab0                _atoi_r
 .text          0x0000000000002ab8       0xbc /usr/lib/gcc/arm-none-eabi/5.4.1/../../../arm-none-eabi/lib/armv7e-m/fpu/libg.a(lib_a-strcpy.o)
                0x0000000000002ab8                strcpy
 .text          0x0000000000002b74       0x10 /usr/lib/gcc/arm-none-eabi/5.4.1/../../../arm-none-eabi/lib/armv7e-m/fpu/libg.a(lib_a-strtok.o)
                0x0000000000002b74                strtok
 .text          0x0000000000002b84       0x6c /usr/lib/gcc/arm-none-eabi/5.4.1/../../../arm-none-eabi/lib/armv7e-m/fpu/libg.a(lib_a-strtok_r.o)
                0x0000000000002b84                __strtok_r
                0x0000000000002be8                strtok_r
 .text          0x0000000000002bf0      0x140 /usr/lib/gcc/arm-none-eabi/5.4.1/../../../arm-none-eabi/lib/armv7e-m/fpu/libg.a(lib_a-strtol.o)
                0x0000000000002bf0                _strtol_r
                0x0000000000002d18                strtol
 *(.rodata*)
 .rodata        0x0000000000002d30       0xaf ./src/main.o
 *fill*         0x0000000000002ddf        0x1 
 .rodata        0x0000000000002de0       0x26 ./SW-EK-TM4C123GXL-2.1.4.178/utils/uartstdio.o
 *fill*         0x0000000000002e06        0x2 
 .rodata.g_ui32UARTBase
                0x0000000000002e08        0xc ./SW-EK-TM4C123GXL-2.1.4.178/utils/uartstdio.o
 .rodata.g_ui32UARTPeriph
                0x0000000000002e14        0xc ./SW-EK-TM4C123GXL-2.1.4.178/utils/uartstdio.o
 .rodata.g_pui32GPIOBaseAddrs
                0x0000000000002e20       0x90 /home/student/eclipse-workspace/Tiva_C_LaunchPad/SW-EK-TM4C123GXL-2.1.4.178/driverlib/gcc/libdriver.a(gpio.o)
 .rodata.g_pui32Xtals
                0x0000000000002eb0       0x6c /home/student/eclipse-workspace/Tiva_C_LaunchPad/SW-EK-TM4C123GXL-2.1.4.178/driverlib/gcc/libdriver.a(sysctl.o)
 .rodata.str1.4
                0x0000000000002f1c        0x4 /usr/lib/gcc/arm-none-eabi/5.4.1/../../../arm-none-eabi/lib/armv7e-m/fpu/libg.a(lib_a-impure.o)
                                          0x2 (size before relaxing)
 .rodata        0x0000000000002f20      0x101 /usr/lib/gcc/arm-none-eabi/5.4.1/../../../arm-none-eabi/lib/armv7e-m/fpu/libg.a(lib_a-ctype_.o)
                0x0000000000002f20                _ctype_
 *(.init)
 *fill*         0x0000000000003021        0x3 
 .init          0x0000000000003024        0x4 /usr/lib/gcc/arm-none-eabi/5.4.1/armv7e-m/fpu/crti.o
                0x0000000000003024                _init
 .init          0x0000000000003028        0x8 /usr/lib/gcc/arm-none-eabi/5.4.1/armv7e-m/fpu/crtn.o
 *(.fini)
 .fini          0x0000000000003030        0x4 /usr/lib/gcc/arm-none-eabi/5.4.1/armv7e-m/fpu/crti.o
                0x0000000000003030                _fini
 .fini          0x0000000000003034        0x8 /usr/lib/gcc/arm-none-eabi/5.4.1/armv7e-m/fpu/crtn.o
                0x000000000000303c                _etext = .

.glue_7         0x000000000000303c        0x0
 .glue_7        0x000000000000303c        0x0 linker stubs

.glue_7t        0x000000000000303c        0x0
 .glue_7t       0x000000000000303c        0x0 linker stubs

.vfp11_veneer   0x000000000000303c        0x0
 .vfp11_veneer  0x000000000000303c        0x0 linker stubs

.v4_bx          0x000000000000303c        0x0
 .v4_bx         0x000000000000303c        0x0 linker stubs

.iplt           0x000000000000303c        0x0
 .iplt          0x000000000000303c        0x0 /usr/lib/gcc/arm-none-eabi/5.4.1/armv7e-m/fpu/crtbegin.o

.rel.dyn        0x000000000000303c        0x0
 .rel.iplt      0x000000000000303c        0x0 /usr/lib/gcc/arm-none-eabi/5.4.1/armv7e-m/fpu/crtbegin.o

.data           0x0000000020000000      0x4ec load address 0x000000000000303c
                0x0000000020000000                _data = .
                0x000000000000303c                _ldata = LOADADDR (.data)
 *(vtable)
 *(.data*)
 .data.dosya    0x0000000020000000       0xb4 ./src/main.o
                0x0000000020000000                dosya
 *fill*         0x00000000200000b4        0x4 
 .data          0x00000000200000b8      0x430 /usr/lib/gcc/arm-none-eabi/5.4.1/../../../arm-none-eabi/lib/armv7e-m/fpu/libg.a(lib_a-impure.o)
                0x00000000200000b8                _impure_ptr
 .data          0x00000000200004e8        0x4 /usr/lib/gcc/arm-none-eabi/5.4.1/../../../arm-none-eabi/lib/armv7e-m/fpu/libg.a(lib_a-ctype_.o)
                0x00000000200004e8                __ctype_ptr__
                0x00000000200004ec                _edata = .

.igot.plt       0x00000000200004ec        0x0 load address 0x0000000000003528
 .igot.plt      0x00000000200004ec        0x0 /usr/lib/gcc/arm-none-eabi/5.4.1/armv7e-m/fpu/crtbegin.o

.bss            0x00000000200004f0      0x1e8 load address 0x0000000000003530
                0x00000000200004f0                _bss = .
 *(.bss*)
 .bss.basmasayisi
                0x00000000200004f0        0x4 ./src/main.o
                0x00000000200004f0                basmasayisi
 .bss.secim     0x00000000200004f4        0x4 ./src/main.o
                0x00000000200004f4                secim
 .bss.para_ustu
                0x00000000200004f8        0x8 ./src/main.o
                0x00000000200004f8                para_ustu
 .bss.sayim     0x0000000020000500        0x8 ./src/main.o
                0x0000000020000500                sayim
 .bss.paraye    0x0000000020000508        0x8 ./src/main.o
                0x0000000020000508                paraye
 .bss.pui32Stack
                0x0000000020000510      0x100 ./src/startup_gcc.o
 .bss.g_ui32Base
                0x0000000020000610        0x4 ./SW-EK-TM4C123GXL-2.1.4.178/utils/uartstdio.o
 *(COMMON)
 *fill*         0x0000000020000614        0x4 
 COMMON         0x0000000020000618       0xc0 ./src/main.o
                0x0000000020000618                caybas
                0x000000002000061c                geciciptr
                0x0000000020000620                birbas
                0x0000000020000624                ybesbas
                0x0000000020000628                kahvebas
                0x000000002000062c                ellibas
                0x0000000020000630                bir
                0x0000000020000634                urunler
                0x0000000020000698                led
                0x000000002000069c                elli
                0x00000000200006a0                pu
                0x00000000200006a8                cikobas
                0x00000000200006ac                bisbas
                0x00000000200006b0                delay
                0x00000000200006b4                subas
                0x00000000200006b8                asdas
                0x00000000200006c0                yenipara
                0x00000000200006c4                ybes
                0x00000000200006c8                gecikme
                0x00000000200006cc                kasa
                0x00000000200006d8                _ebss = .
OUTPUT(Tiva_C_LaunchPad.elf elf32-littlearm)

.ARM.attributes
                0x0000000000000000       0x30
 .ARM.attributes
                0x0000000000000000       0x22 /usr/lib/gcc/arm-none-eabi/5.4.1/armv7e-m/fpu/crti.o
 .ARM.attributes
                0x0000000000000022       0x39 ./src/main.o
 .ARM.attributes
                0x000000000000005b       0x39 ./src/startup_gcc.o
 .ARM.attributes
                0x0000000000000094       0x39 ./SW-EK-TM4C123GXL-2.1.4.178/utils/uartstdio.o
 .ARM.attributes
                0x00000000000000cd       0x3b /home/student/eclipse-workspace/Tiva_C_LaunchPad/SW-EK-TM4C123GXL-2.1.4.178/driverlib/gcc/libdriver.a(gpio.o)
 .ARM.attributes
                0x0000000000000108       0x3b /home/student/eclipse-workspace/Tiva_C_LaunchPad/SW-EK-TM4C123GXL-2.1.4.178/driverlib/gcc/libdriver.a(sysctl.o)
 .ARM.attributes
                0x0000000000000143       0x3b /home/student/eclipse-workspace/Tiva_C_LaunchPad/SW-EK-TM4C123GXL-2.1.4.178/driverlib/gcc/libdriver.a(uart.o)
 .ARM.attributes
                0x000000000000017e       0x22 /usr/lib/gcc/arm-none-eabi/5.4.1/armv7e-m/fpu/libgcc.a(_arm_addsubdf3.o)
 .ARM.attributes
                0x00000000000001a0       0x22 /usr/lib/gcc/arm-none-eabi/5.4.1/armv7e-m/fpu/libgcc.a(_arm_muldivdf3.o)
 .ARM.attributes
                0x00000000000001c2       0x22 /usr/lib/gcc/arm-none-eabi/5.4.1/armv7e-m/fpu/libgcc.a(_arm_fixdfsi.o)
 .ARM.attributes
                0x00000000000001e4       0x34 /usr/lib/gcc/arm-none-eabi/5.4.1/../../../arm-none-eabi/lib/armv7e-m/fpu/libg.a(lib_a-atoi.o)
 .ARM.attributes
                0x0000000000000218       0x34 /usr/lib/gcc/arm-none-eabi/5.4.1/../../../arm-none-eabi/lib/armv7e-m/fpu/libg.a(lib_a-impure.o)
 .ARM.attributes
                0x000000000000024c       0x34 /usr/lib/gcc/arm-none-eabi/5.4.1/../../../arm-none-eabi/lib/armv7e-m/fpu/libg.a(lib_a-strcpy.o)
 .ARM.attributes
                0x0000000000000280       0x34 /usr/lib/gcc/arm-none-eabi/5.4.1/../../../arm-none-eabi/lib/armv7e-m/fpu/libg.a(lib_a-strtok.o)
 .ARM.attributes
                0x00000000000002b4       0x34 /usr/lib/gcc/arm-none-eabi/5.4.1/../../../arm-none-eabi/lib/armv7e-m/fpu/libg.a(lib_a-strtok_r.o)
 .ARM.attributes
                0x00000000000002e8       0x34 /usr/lib/gcc/arm-none-eabi/5.4.1/../../../arm-none-eabi/lib/armv7e-m/fpu/libg.a(lib_a-strtol.o)
 .ARM.attributes
                0x000000000000031c       0x34 /usr/lib/gcc/arm-none-eabi/5.4.1/../../../arm-none-eabi/lib/armv7e-m/fpu/libg.a(lib_a-ctype_.o)
 .ARM.attributes
                0x0000000000000350       0x22 /usr/lib/gcc/arm-none-eabi/5.4.1/armv7e-m/fpu/crtn.o

.comment        0x0000000000000000       0x9b
 .comment       0x0000000000000000       0x2b ./src/main.o
                                         0x2c (size before relaxing)
 .comment       0x000000000000002b       0x2c ./src/startup_gcc.o
 .comment       0x000000000000002b       0x2c ./SW-EK-TM4C123GXL-2.1.4.178/utils/uartstdio.o
 .comment       0x000000000000002b       0x70 /home/student/eclipse-workspace/Tiva_C_LaunchPad/SW-EK-TM4C123GXL-2.1.4.178/driverlib/gcc/libdriver.a(gpio.o)
                                         0x71 (size before relaxing)
 .comment       0x000000000000009b       0x71 /home/student/eclipse-workspace/Tiva_C_LaunchPad/SW-EK-TM4C123GXL-2.1.4.178/driverlib/gcc/libdriver.a(sysctl.o)
 .comment       0x000000000000009b       0x71 /home/student/eclipse-workspace/Tiva_C_LaunchPad/SW-EK-TM4C123GXL-2.1.4.178/driverlib/gcc/libdriver.a(uart.o)
 .comment       0x000000000000009b       0x2c /usr/lib/gcc/arm-none-eabi/5.4.1/../../../arm-none-eabi/lib/armv7e-m/fpu/libg.a(lib_a-atoi.o)
 .comment       0x000000000000009b       0x2c /usr/lib/gcc/arm-none-eabi/5.4.1/../../../arm-none-eabi/lib/armv7e-m/fpu/libg.a(lib_a-impure.o)
 .comment       0x000000000000009b       0x2c /usr/lib/gcc/arm-none-eabi/5.4.1/../../../arm-none-eabi/lib/armv7e-m/fpu/libg.a(lib_a-strcpy.o)
 .comment       0x000000000000009b       0x2c /usr/lib/gcc/arm-none-eabi/5.4.1/../../../arm-none-eabi/lib/armv7e-m/fpu/libg.a(lib_a-strtok.o)
 .comment       0x000000000000009b       0x2c /usr/lib/gcc/arm-none-eabi/5.4.1/../../../arm-none-eabi/lib/armv7e-m/fpu/libg.a(lib_a-strtok_r.o)
 .comment       0x000000000000009b       0x2c /usr/lib/gcc/arm-none-eabi/5.4.1/../../../arm-none-eabi/lib/armv7e-m/fpu/libg.a(lib_a-strtol.o)
 .comment       0x000000000000009b       0x2c /usr/lib/gcc/arm-none-eabi/5.4.1/../../../arm-none-eabi/lib/armv7e-m/fpu/libg.a(lib_a-ctype_.o)

.debug_info     0x0000000000000000     0x3529
 .debug_info    0x0000000000000000      0x66e ./src/main.o
 .debug_info    0x000000000000066e      0x172 ./src/startup_gcc.o
 .debug_info    0x00000000000007e0      0x38f ./SW-EK-TM4C123GXL-2.1.4.178/utils/uartstdio.o
 .debug_info    0x0000000000000b6f       0xc2 /usr/lib/gcc/arm-none-eabi/5.4.1/armv7e-m/fpu/libgcc.a(_arm_addsubdf3.o)
 .debug_info    0x0000000000000c31       0xc2 /usr/lib/gcc/arm-none-eabi/5.4.1/armv7e-m/fpu/libgcc.a(_arm_muldivdf3.o)
 .debug_info    0x0000000000000cf3       0xc2 /usr/lib/gcc/arm-none-eabi/5.4.1/armv7e-m/fpu/libgcc.a(_arm_fixdfsi.o)
 .debug_info    0x0000000000000db5      0x919 /usr/lib/gcc/arm-none-eabi/5.4.1/../../../arm-none-eabi/lib/armv7e-m/fpu/libg.a(lib_a-atoi.o)
 .debug_info    0x00000000000016ce      0x89b /usr/lib/gcc/arm-none-eabi/5.4.1/../../../arm-none-eabi/lib/armv7e-m/fpu/libg.a(lib_a-impure.o)
 .debug_info    0x0000000000001f69       0xc4 /usr/lib/gcc/arm-none-eabi/5.4.1/../../../arm-none-eabi/lib/armv7e-m/fpu/libg.a(lib_a-strcpy.o)
 .debug_info    0x000000000000202d      0x8ec /usr/lib/gcc/arm-none-eabi/5.4.1/../../../arm-none-eabi/lib/armv7e-m/fpu/libg.a(lib_a-strtok.o)
 .debug_info    0x0000000000002919      0x19c /usr/lib/gcc/arm-none-eabi/5.4.1/../../../arm-none-eabi/lib/armv7e-m/fpu/libg.a(lib_a-strtok_r.o)
 .debug_info    0x0000000000002ab5      0x9b8 /usr/lib/gcc/arm-none-eabi/5.4.1/../../../arm-none-eabi/lib/armv7e-m/fpu/libg.a(lib_a-strtol.o)
 .debug_info    0x000000000000346d       0xbc /usr/lib/gcc/arm-none-eabi/5.4.1/../../../arm-none-eabi/lib/armv7e-m/fpu/libg.a(lib_a-ctype_.o)

.debug_abbrev   0x0000000000000000      0xcd9
 .debug_abbrev  0x0000000000000000      0x1df ./src/main.o
 .debug_abbrev  0x00000000000001df       0xd3 ./src/startup_gcc.o
 .debug_abbrev  0x00000000000002b2      0x10e ./SW-EK-TM4C123GXL-2.1.4.178/utils/uartstdio.o
 .debug_abbrev  0x00000000000003c0       0x14 /usr/lib/gcc/arm-none-eabi/5.4.1/armv7e-m/fpu/libgcc.a(_arm_addsubdf3.o)
 .debug_abbrev  0x00000000000003d4       0x14 /usr/lib/gcc/arm-none-eabi/5.4.1/armv7e-m/fpu/libgcc.a(_arm_muldivdf3.o)
 .debug_abbrev  0x00000000000003e8       0x14 /usr/lib/gcc/arm-none-eabi/5.4.1/armv7e-m/fpu/libgcc.a(_arm_fixdfsi.o)
 .debug_abbrev  0x00000000000003fc      0x1ba /usr/lib/gcc/arm-none-eabi/5.4.1/../../../arm-none-eabi/lib/armv7e-m/fpu/libg.a(lib_a-atoi.o)
 .debug_abbrev  0x00000000000005b6      0x180 /usr/lib/gcc/arm-none-eabi/5.4.1/../../../arm-none-eabi/lib/armv7e-m/fpu/libg.a(lib_a-impure.o)
 .debug_abbrev  0x0000000000000736       0x72 /usr/lib/gcc/arm-none-eabi/5.4.1/../../../arm-none-eabi/lib/armv7e-m/fpu/libg.a(lib_a-strcpy.o)
 .debug_abbrev  0x00000000000007a8      0x1f0 /usr/lib/gcc/arm-none-eabi/5.4.1/../../../arm-none-eabi/lib/armv7e-m/fpu/libg.a(lib_a-strtok.o)
 .debug_abbrev  0x0000000000000998       0xda /usr/lib/gcc/arm-none-eabi/5.4.1/../../../arm-none-eabi/lib/armv7e-m/fpu/libg.a(lib_a-strtok_r.o)
 .debug_abbrev  0x0000000000000a72      0x20e /usr/lib/gcc/arm-none-eabi/5.4.1/../../../arm-none-eabi/lib/armv7e-m/fpu/libg.a(lib_a-strtol.o)
 .debug_abbrev  0x0000000000000c80       0x59 /usr/lib/gcc/arm-none-eabi/5.4.1/../../../arm-none-eabi/lib/armv7e-m/fpu/libg.a(lib_a-ctype_.o)

.debug_aranges  0x0000000000000000      0x220
 .debug_aranges
                0x0000000000000000       0x70 ./src/main.o
 .debug_aranges
                0x0000000000000070       0x38 ./src/startup_gcc.o
 .debug_aranges
                0x00000000000000a8       0x48 ./SW-EK-TM4C123GXL-2.1.4.178/utils/uartstdio.o
 .debug_aranges
                0x00000000000000f0       0x20 /usr/lib/gcc/arm-none-eabi/5.4.1/armv7e-m/fpu/libgcc.a(_arm_addsubdf3.o)
 .debug_aranges
                0x0000000000000110       0x20 /usr/lib/gcc/arm-none-eabi/5.4.1/armv7e-m/fpu/libgcc.a(_arm_muldivdf3.o)
 .debug_aranges
                0x0000000000000130       0x20 /usr/lib/gcc/arm-none-eabi/5.4.1/armv7e-m/fpu/libgcc.a(_arm_fixdfsi.o)
 .debug_aranges
                0x0000000000000150       0x20 /usr/lib/gcc/arm-none-eabi/5.4.1/../../../arm-none-eabi/lib/armv7e-m/fpu/libg.a(lib_a-atoi.o)
 .debug_aranges
                0x0000000000000170       0x18 /usr/lib/gcc/arm-none-eabi/5.4.1/../../../arm-none-eabi/lib/armv7e-m/fpu/libg.a(lib_a-impure.o)
 .debug_aranges
                0x0000000000000188       0x20 /usr/lib/gcc/arm-none-eabi/5.4.1/../../../arm-none-eabi/lib/armv7e-m/fpu/libg.a(lib_a-strcpy.o)
 .debug_aranges
                0x00000000000001a8       0x20 /usr/lib/gcc/arm-none-eabi/5.4.1/../../../arm-none-eabi/lib/armv7e-m/fpu/libg.a(lib_a-strtok.o)
 .debug_aranges
                0x00000000000001c8       0x20 /usr/lib/gcc/arm-none-eabi/5.4.1/../../../arm-none-eabi/lib/armv7e-m/fpu/libg.a(lib_a-strtok_r.o)
 .debug_aranges
                0x00000000000001e8       0x20 /usr/lib/gcc/arm-none-eabi/5.4.1/../../../arm-none-eabi/lib/armv7e-m/fpu/libg.a(lib_a-strtol.o)
 .debug_aranges
                0x0000000000000208       0x18 /usr/lib/gcc/arm-none-eabi/5.4.1/../../../arm-none-eabi/lib/armv7e-m/fpu/libg.a(lib_a-ctype_.o)

.debug_ranges   0x0000000000000000       0xd0
 .debug_ranges  0x0000000000000000       0x60 ./src/main.o
 .debug_ranges  0x0000000000000060       0x28 ./src/startup_gcc.o
 .debug_ranges  0x0000000000000088       0x38 ./SW-EK-TM4C123GXL-2.1.4.178/utils/uartstdio.o
 .debug_ranges  0x00000000000000c0       0x10 /usr/lib/gcc/arm-none-eabi/5.4.1/../../../arm-none-eabi/lib/armv7e-m/fpu/libg.a(lib_a-strcpy.o)

.debug_macro    0x0000000000000000    0x11cab
 .debug_macro   0x0000000000000000      0x26c ./src/main.o
 .debug_macro   0x000000000000026c      0x880 ./src/main.o
 .debug_macro   0x0000000000000aec       0x22 ./src/main.o
 .debug_macro   0x0000000000000b0e       0x87 ./src/main.o
 .debug_macro   0x0000000000000b95       0x44 ./src/main.o
 .debug_macro   0x0000000000000bd9       0xfd ./src/main.o
 .debug_macro   0x0000000000000cd6       0x5e ./src/main.o
 .debug_macro   0x0000000000000d34      0x1df ./src/main.o
 .debug_macro   0x0000000000000f13     0xb522 ./src/main.o
 .debug_macro   0x000000000000c435       0x52 ./src/main.o
 .debug_macro   0x000000000000c487       0x35 ./src/main.o
 .debug_macro   0x000000000000c4bc       0x9c ./src/main.o
 .debug_macro   0x000000000000c558       0x16 ./src/main.o
 .debug_macro   0x000000000000c56e       0x97 ./src/main.o
 .debug_macro   0x000000000000c605      0x30d ./src/main.o
 .debug_macro   0x000000000000c912       0xfd ./src/main.o
 .debug_macro   0x000000000000ca0f       0x10 ./src/main.o
 .debug_macro   0x000000000000ca1f       0x52 ./src/main.o
 .debug_macro   0x000000000000ca71       0x1f ./src/main.o
 .debug_macro   0x000000000000ca90       0x43 ./src/main.o
 .debug_macro   0x000000000000cad3       0x20 ./src/main.o
 .debug_macro   0x000000000000caf3      0x187 ./src/main.o
 .debug_macro   0x000000000000cc7a       0x10 ./src/main.o
 .debug_macro   0x000000000000cc8a       0x1c ./src/main.o
 .debug_macro   0x000000000000cca6       0x52 ./src/main.o
 .debug_macro   0x000000000000ccf8       0x40 ./src/main.o
 .debug_macro   0x000000000000cd38       0x10 ./src/main.o
 .debug_macro   0x000000000000cd48       0x40 ./src/main.o
 .debug_macro   0x000000000000cd88       0xd7 ./src/main.o
 .debug_macro   0x000000000000ce5f       0x16 ./src/main.o
 .debug_macro   0x000000000000ce75      0x189 ./src/main.o
 .debug_macro   0x000000000000cffe       0x16 ./src/main.o
 .debug_macro   0x000000000000d014       0x35 ./src/main.o
 .debug_macro   0x000000000000d049       0x10 ./src/main.o
 .debug_macro   0x000000000000d059       0x41 ./src/main.o
 .debug_macro   0x000000000000d09a       0x16 ./src/main.o
 .debug_macro   0x000000000000d0b0       0x16 ./src/main.o
 .debug_macro   0x000000000000d0c6       0x29 ./src/main.o
 .debug_macro   0x000000000000d0ef       0x16 ./src/main.o
 .debug_macro   0x000000000000d105       0x22 ./src/main.o
 .debug_macro   0x000000000000d127       0x67 ./src/main.o
 .debug_macro   0x000000000000d18e      0x101 ./src/main.o
 .debug_macro   0x000000000000d28f      0xa88 ./src/main.o
 .debug_macro   0x000000000000dd17      0x17a ./src/main.o
 .debug_macro   0x000000000000de91       0x52 ./src/main.o
 .debug_macro   0x000000000000dee3       0x75 ./src/startup_gcc.o
 .debug_macro   0x000000000000df58     0x1342 ./src/startup_gcc.o
 .debug_macro   0x000000000000f29a       0xd9 ./SW-EK-TM4C123GXL-2.1.4.178/utils/uartstdio.o
 .debug_macro   0x000000000000f373       0x58 ./SW-EK-TM4C123GXL-2.1.4.178/utils/uartstdio.o
 .debug_macro   0x000000000000f3cb      0x946 ./SW-EK-TM4C123GXL-2.1.4.178/utils/uartstdio.o
 .debug_macro   0x000000000000fd11      0x25e ./SW-EK-TM4C123GXL-2.1.4.178/utils/uartstdio.o
 .debug_macro   0x000000000000ff6f      0x42a ./SW-EK-TM4C123GXL-2.1.4.178/utils/uartstdio.o
 .debug_macro   0x0000000000010399       0x10 ./SW-EK-TM4C123GXL-2.1.4.178/utils/uartstdio.o
 .debug_macro   0x00000000000103a9       0x10 ./SW-EK-TM4C123GXL-2.1.4.178/utils/uartstdio.o
 .debug_macro   0x00000000000103b9       0xdc ./SW-EK-TM4C123GXL-2.1.4.178/utils/uartstdio.o
 .debug_macro   0x0000000000010495     0x1816 ./SW-EK-TM4C123GXL-2.1.4.178/utils/uartstdio.o

.debug_line     0x0000000000000000     0x1828
 .debug_line    0x0000000000000000      0x711 ./src/main.o
 .debug_line    0x0000000000000711      0x1d8 ./src/startup_gcc.o
 .debug_line    0x00000000000008e9      0x46d ./SW-EK-TM4C123GXL-2.1.4.178/utils/uartstdio.o
 .debug_line    0x0000000000000d56      0x179 /usr/lib/gcc/arm-none-eabi/5.4.1/armv7e-m/fpu/libgcc.a(_arm_addsubdf3.o)
 .debug_line    0x0000000000000ecf      0x19d /usr/lib/gcc/arm-none-eabi/5.4.1/armv7e-m/fpu/libgcc.a(_arm_muldivdf3.o)
 .debug_line    0x000000000000106c       0x7a /usr/lib/gcc/arm-none-eabi/5.4.1/armv7e-m/fpu/libgcc.a(_arm_fixdfsi.o)
 .debug_line    0x00000000000010e6      0x146 /usr/lib/gcc/arm-none-eabi/5.4.1/../../../arm-none-eabi/lib/armv7e-m/fpu/libg.a(lib_a-atoi.o)
 .debug_line    0x000000000000122c       0xe9 /usr/lib/gcc/arm-none-eabi/5.4.1/../../../arm-none-eabi/lib/armv7e-m/fpu/libg.a(lib_a-impure.o)
 .debug_line    0x0000000000001315       0xb4 /usr/lib/gcc/arm-none-eabi/5.4.1/../../../arm-none-eabi/lib/armv7e-m/fpu/libg.a(lib_a-strcpy.o)
 .debug_line    0x00000000000013c9      0x147 /usr/lib/gcc/arm-none-eabi/5.4.1/../../../arm-none-eabi/lib/armv7e-m/fpu/libg.a(lib_a-strtok.o)
 .debug_line    0x0000000000001510       0xe7 /usr/lib/gcc/arm-none-eabi/5.4.1/../../../arm-none-eabi/lib/armv7e-m/fpu/libg.a(lib_a-strtok_r.o)
 .debug_line    0x00000000000015f7      0x1ca /usr/lib/gcc/arm-none-eabi/5.4.1/../../../arm-none-eabi/lib/armv7e-m/fpu/libg.a(lib_a-strtol.o)
 .debug_line    0x00000000000017c1       0x67 /usr/lib/gcc/arm-none-eabi/5.4.1/../../../arm-none-eabi/lib/armv7e-m/fpu/libg.a(lib_a-ctype_.o)

.debug_str      0x0000000000000000    0x52871
 .debug_str     0x0000000000000000    0x4421c ./src/main.o
                                      0x44452 (size before relaxing)
 .debug_str     0x000000000004421c      0xeed ./src/startup_gcc.o
                                       0x8729 (size before relaxing)
 .debug_str     0x0000000000045109     0xcf54 ./SW-EK-TM4C123GXL-2.1.4.178/utils/uartstdio.o
                                      0x14922 (size before relaxing)
 .debug_str     0x000000000005205d      0x4e9 /usr/lib/gcc/arm-none-eabi/5.4.1/../../../arm-none-eabi/lib/armv7e-m/fpu/libg.a(lib_a-atoi.o)
                                        0x5a1 (size before relaxing)
 .debug_str     0x0000000000052546       0x9a /usr/lib/gcc/arm-none-eabi/5.4.1/../../../arm-none-eabi/lib/armv7e-m/fpu/libg.a(lib_a-impure.o)
                                        0x5ae (size before relaxing)
 .debug_str     0x00000000000525e0       0xa4 /usr/lib/gcc/arm-none-eabi/5.4.1/../../../arm-none-eabi/lib/armv7e-m/fpu/libg.a(lib_a-strcpy.o)
                                        0x1e3 (size before relaxing)
 .debug_str     0x0000000000052684       0xa2 /usr/lib/gcc/arm-none-eabi/5.4.1/../../../arm-none-eabi/lib/armv7e-m/fpu/libg.a(lib_a-strtok.o)
                                        0x5af (size before relaxing)
 .debug_str     0x0000000000052726       0x57 /usr/lib/gcc/arm-none-eabi/5.4.1/../../../arm-none-eabi/lib/armv7e-m/fpu/libg.a(lib_a-strtok_r.o)
                                        0x20f (size before relaxing)
 .debug_str     0x000000000005277d       0x5e /usr/lib/gcc/arm-none-eabi/5.4.1/../../../arm-none-eabi/lib/armv7e-m/fpu/libg.a(lib_a-strtol.o)
                                        0x5d4 (size before relaxing)
 .debug_str     0x00000000000527db       0x96 /usr/lib/gcc/arm-none-eabi/5.4.1/../../../arm-none-eabi/lib/armv7e-m/fpu/libg.a(lib_a-ctype_.o)
                                        0x1e3 (size before relaxing)

.debug_frame    0x0000000000000000      0x418
 .debug_frame   0x0000000000000000      0x194 ./src/main.o
 .debug_frame   0x0000000000000194       0x7c ./src/startup_gcc.o
 .debug_frame   0x0000000000000210       0xfc ./SW-EK-TM4C123GXL-2.1.4.178/utils/uartstdio.o
 .debug_frame   0x000000000000030c       0x30 /usr/lib/gcc/arm-none-eabi/5.4.1/../../../arm-none-eabi/lib/armv7e-m/fpu/libg.a(lib_a-atoi.o)
 .debug_frame   0x000000000000033c       0x20 /usr/lib/gcc/arm-none-eabi/5.4.1/../../../arm-none-eabi/lib/armv7e-m/fpu/libg.a(lib_a-strcpy.o)
 .debug_frame   0x000000000000035c       0x20 /usr/lib/gcc/arm-none-eabi/5.4.1/../../../arm-none-eabi/lib/armv7e-m/fpu/libg.a(lib_a-strtok.o)
 .debug_frame   0x000000000000037c       0x48 /usr/lib/gcc/arm-none-eabi/5.4.1/../../../arm-none-eabi/lib/armv7e-m/fpu/libg.a(lib_a-strtok_r.o)
 .debug_frame   0x00000000000003c4       0x54 /usr/lib/gcc/arm-none-eabi/5.4.1/../../../arm-none-eabi/lib/armv7e-m/fpu/libg.a(lib_a-strtol.o)

.debug_loc      0x0000000000000000      0x68c
 .debug_loc     0x0000000000000000       0x63 /usr/lib/gcc/arm-none-eabi/5.4.1/../../../arm-none-eabi/lib/armv7e-m/fpu/libg.a(lib_a-atoi.o)
 .debug_loc     0x0000000000000063       0x21 /usr/lib/gcc/arm-none-eabi/5.4.1/../../../arm-none-eabi/lib/armv7e-m/fpu/libg.a(lib_a-strcpy.o)
 .debug_loc     0x0000000000000084       0x61 /usr/lib/gcc/arm-none-eabi/5.4.1/../../../arm-none-eabi/lib/armv7e-m/fpu/libg.a(lib_a-strtok.o)
 .debug_loc     0x00000000000000e5      0x257 /usr/lib/gcc/arm-none-eabi/5.4.1/../../../arm-none-eabi/lib/armv7e-m/fpu/libg.a(lib_a-strtok_r.o)
 .debug_loc     0x000000000000033c      0x350 /usr/lib/gcc/arm-none-eabi/5.4.1/../../../arm-none-eabi/lib/armv7e-m/fpu/libg.a(lib_a-strtol.o)
